../Core/Src/main.c:101:13:DWT_Delay_Init	4	static
../Core/Src/main.c:108:13:delay_us	24	static
../Core/Src/main.c:116:13:HCSR04_Trigger	8	static
../Core/Src/main.c:123:6:HAL_TIM_IC_CaptureCallback	16	static
../Core/Src/main.c:142:14:HCSR04_Read_cm	16	static
../Core/Src/main.c:174:13:LCD_I2C_DetectAddress	8	static
../Core/Src/main.c:192:13:lcd_write	24	static
../Core/Src/main.c:198:13:lcd_pulse_enable	16	static
../Core/Src/main.c:206:13:lcd_write4bits	16	static
../Core/Src/main.c:212:13:lcd_send	24	static
../Core/Src/main.c:223:13:lcd_send_cmd	16	static
../Core/Src/main.c:228:13:lcd_send_data	16	static
../Core/Src/main.c:233:13:lcd_init	16	static
../Core/Src/main.c:262:13:lcd_clear	8	static
../Core/Src/main.c:268:13:lcd_put_cur	24	static
../Core/Src/main.c:274:13:lcd_send_string	16	static
../Core/Src/main.c:288:5:main	40	static
../Core/Src/main.c:365:6:SystemClock_Config	72	static
../Core/Src/main.c:405:13:MX_I2C2_Init	8	static
../Core/Src/main.c:439:13:MX_TIM1_Init	32	static
../Core/Src/main.c:485:13:MX_TIM3_Init	32	static
../Core/Src/main.c:530:13:MX_GPIO_Init	40	static
../Core/Src/main.c:577:6:Error_Handler	4	static,ignoring_inline_asm
